<testsuites id="" name="" tests="36" failures="0" skipped="0" errors="36" time="6.042249">
<testsuite name="auth-redirects.spec.ts" timestamp="2026-05-09T08:20:35.938Z" hostname="chromium" tests="5" failures="0" skipped="0" time="1.022" errors="5">
<testcase name="Auth redirects › /agenda redirects unauthenticated visitor to landing page" classname="auth-redirects.spec.ts" time="0.185">
<system-out>
<![CDATA[
[[ATTACHMENT|auth-redirects-Auth-redire-9338e-ted-visitor-to-landing-page-chromium/test-failed-1.png]]

[[ATTACHMENT|auth-redirects-Auth-redire-9338e-ted-visitor-to-landing-page-chromium/error-context.md]]
]]>
</system-out>
<error message="page.goto: net::ERR_CONNECTION_REFUSED at http://localhost:3000/agenda" type="Error">
<![CDATA[  [chromium] › auth-redirects.spec.ts:14:5 › Auth redirects › /agenda redirects unauthenticated visitor to landing page 

    Error: page.goto: net::ERR_CONNECTION_REFUSED at http://localhost:3000/agenda
    Call log:
      - navigating to "http://localhost:3000/agenda", waiting until "domcontentloaded"


      13 |   for (const route of protectedRoutes) {
      14 |     test(`${route} redirects unauthenticated visitor to landing page`, async ({ page }) => {
    > 15 |       await page.goto(route, { waitUntil: 'domcontentloaded' })
         |                  ^
      16 |       await expect(page).toHaveURL('/')
      17 |       // Confirm the landing page is shown, not an error page
      18 |       await expect(page.getByRole('heading', { name: /Terminplanung/ })).toBeVisible()
        at /home/justus/Projects/chronos-frontend/e2e/auth-redirects.spec.ts:15:18

    attachment #1: screenshot (image/png) ──────────────────────────────────────────────────────────
    ../test-results/auth-redirects-Auth-redire-9338e-ted-visitor-to-landing-page-chromium/test-failed-1.png
    ────────────────────────────────────────────────────────────────────────────────────────────────

    Error Context: ../test-results/auth-redirects-Auth-redire-9338e-ted-visitor-to-landing-page-chromium/error-context.md
]]>
</error>
</testcase>
<testcase name="Auth redirects › /settings redirects unauthenticated visitor to landing page" classname="auth-redirects.spec.ts" time="0.195">
<system-out>
<![CDATA[
[[ATTACHMENT|auth-redirects-Auth-redire-0c003-ted-visitor-to-landing-page-chromium/test-failed-1.png]]

[[ATTACHMENT|auth-redirects-Auth-redire-0c003-ted-visitor-to-landing-page-chromium/error-context.md]]
]]>
</system-out>
<error message="page.goto: net::ERR_CONNECTION_REFUSED at http://localhost:3000/settings" type="Error">
<![CDATA[  [chromium] › auth-redirects.spec.ts:14:5 › Auth redirects › /settings redirects unauthenticated visitor to landing page 

    Error: page.goto: net::ERR_CONNECTION_REFUSED at http://localhost:3000/settings
    Call log:
      - navigating to "http://localhost:3000/settings", waiting until "domcontentloaded"


      13 |   for (const route of protectedRoutes) {
      14 |     test(`${route} redirects unauthenticated visitor to landing page`, async ({ page }) => {
    > 15 |       await page.goto(route, { waitUntil: 'domcontentloaded' })
         |                  ^
      16 |       await expect(page).toHaveURL('/')
      17 |       // Confirm the landing page is shown, not an error page
      18 |       await expect(page.getByRole('heading', { name: /Terminplanung/ })).toBeVisible()
        at /home/justus/Projects/chronos-frontend/e2e/auth-redirects.spec.ts:15:18

    attachment #1: screenshot (image/png) ──────────────────────────────────────────────────────────
    ../test-results/auth-redirects-Auth-redire-0c003-ted-visitor-to-landing-page-chromium/test-failed-1.png
    ────────────────────────────────────────────────────────────────────────────────────────────────

    Error Context: ../test-results/auth-redirects-Auth-redire-0c003-ted-visitor-to-landing-page-chromium/error-context.md
]]>
</error>
</testcase>
<testcase name="Auth redirects › /profile redirects unauthenticated visitor to landing page" classname="auth-redirects.spec.ts" time="0.221">
<system-out>
<![CDATA[
[[ATTACHMENT|auth-redirects-Auth-redire-dd0c4-ted-visitor-to-landing-page-chromium/test-failed-1.png]]

[[ATTACHMENT|auth-redirects-Auth-redire-dd0c4-ted-visitor-to-landing-page-chromium/error-context.md]]
]]>
</system-out>
<error message="page.goto: net::ERR_CONNECTION_REFUSED at http://localhost:3000/profile" type="Error">
<![CDATA[  [chromium] › auth-redirects.spec.ts:14:5 › Auth redirects › /profile redirects unauthenticated visitor to landing page 

    Error: page.goto: net::ERR_CONNECTION_REFUSED at http://localhost:3000/profile
    Call log:
      - navigating to "http://localhost:3000/profile", waiting until "domcontentloaded"


      13 |   for (const route of protectedRoutes) {
      14 |     test(`${route} redirects unauthenticated visitor to landing page`, async ({ page }) => {
    > 15 |       await page.goto(route, { waitUntil: 'domcontentloaded' })
         |                  ^
      16 |       await expect(page).toHaveURL('/')
      17 |       // Confirm the landing page is shown, not an error page
      18 |       await expect(page.getByRole('heading', { name: /Terminplanung/ })).toBeVisible()
        at /home/justus/Projects/chronos-frontend/e2e/auth-redirects.spec.ts:15:18

    attachment #1: screenshot (image/png) ──────────────────────────────────────────────────────────
    ../test-results/auth-redirects-Auth-redire-dd0c4-ted-visitor-to-landing-page-chromium/test-failed-1.png
    ────────────────────────────────────────────────────────────────────────────────────────────────

    Error Context: ../test-results/auth-redirects-Auth-redire-dd0c4-ted-visitor-to-landing-page-chromium/error-context.md
]]>
</error>
</testcase>
<testcase name="Auth redirects › /friends redirects unauthenticated visitor to landing page" classname="auth-redirects.spec.ts" time="0.237">
<system-out>
<![CDATA[
[[ATTACHMENT|auth-redirects-Auth-redire-7169c-ted-visitor-to-landing-page-chromium/test-failed-1.png]]

[[ATTACHMENT|auth-redirects-Auth-redire-7169c-ted-visitor-to-landing-page-chromium/error-context.md]]
]]>
</system-out>
<error message="page.goto: net::ERR_CONNECTION_REFUSED at http://localhost:3000/friends" type="Error">
<![CDATA[  [chromium] › auth-redirects.spec.ts:14:5 › Auth redirects › /friends redirects unauthenticated visitor to landing page 

    Error: page.goto: net::ERR_CONNECTION_REFUSED at http://localhost:3000/friends
    Call log:
      - navigating to "http://localhost:3000/friends", waiting until "domcontentloaded"


      13 |   for (const route of protectedRoutes) {
      14 |     test(`${route} redirects unauthenticated visitor to landing page`, async ({ page }) => {
    > 15 |       await page.goto(route, { waitUntil: 'domcontentloaded' })
         |                  ^
      16 |       await expect(page).toHaveURL('/')
      17 |       // Confirm the landing page is shown, not an error page
      18 |       await expect(page.getByRole('heading', { name: /Terminplanung/ })).toBeVisible()
        at /home/justus/Projects/chronos-frontend/e2e/auth-redirects.spec.ts:15:18

    attachment #1: screenshot (image/png) ──────────────────────────────────────────────────────────
    ../test-results/auth-redirects-Auth-redire-7169c-ted-visitor-to-landing-page-chromium/test-failed-1.png
    ────────────────────────────────────────────────────────────────────────────────────────────────

    Error Context: ../test-results/auth-redirects-Auth-redire-7169c-ted-visitor-to-landing-page-chromium/error-context.md
]]>
</error>
</testcase>
<testcase name="Auth redirects › /groups redirects unauthenticated visitor to landing page" classname="auth-redirects.spec.ts" time="0.184">
<system-out>
<![CDATA[
[[ATTACHMENT|auth-redirects-Auth-redire-7d96e-ted-visitor-to-landing-page-chromium/test-failed-1.png]]

[[ATTACHMENT|auth-redirects-Auth-redire-7d96e-ted-visitor-to-landing-page-chromium/error-context.md]]
]]>
</system-out>
<error message="page.goto: net::ERR_CONNECTION_REFUSED at http://localhost:3000/groups" type="Error">
<![CDATA[  [chromium] › auth-redirects.spec.ts:14:5 › Auth redirects › /groups redirects unauthenticated visitor to landing page 

    Error: page.goto: net::ERR_CONNECTION_REFUSED at http://localhost:3000/groups
    Call log:
      - navigating to "http://localhost:3000/groups", waiting until "domcontentloaded"


      13 |   for (const route of protectedRoutes) {
      14 |     test(`${route} redirects unauthenticated visitor to landing page`, async ({ page }) => {
    > 15 |       await page.goto(route, { waitUntil: 'domcontentloaded' })
         |                  ^
      16 |       await expect(page).toHaveURL('/')
      17 |       // Confirm the landing page is shown, not an error page
      18 |       await expect(page.getByRole('heading', { name: /Terminplanung/ })).toBeVisible()
        at /home/justus/Projects/chronos-frontend/e2e/auth-redirects.spec.ts:15:18

    attachment #1: screenshot (image/png) ──────────────────────────────────────────────────────────
    ../test-results/auth-redirects-Auth-redire-7d96e-ted-visitor-to-landing-page-chromium/test-failed-1.png
    ────────────────────────────────────────────────────────────────────────────────────────────────

    Error Context: ../test-results/auth-redirects-Auth-redire-7d96e-ted-visitor-to-landing-page-chromium/error-context.md
]]>
</error>
</testcase>
</testsuite>
<testsuite name="landing.spec.ts" timestamp="2026-05-09T08:20:35.938Z" hostname="chromium" tests="7" failures="0" skipped="0" time="1.566" errors="7">
<testcase name="Landing Page › renders hero heading and tagline" classname="landing.spec.ts" time="0.234">
<system-out>
<![CDATA[
[[ATTACHMENT|landing-Landing-Page-renders-hero-heading-and-tagline-chromium/test-failed-1.png]]

[[ATTACHMENT|landing-Landing-Page-renders-hero-heading-and-tagline-chromium/error-context.md]]
]]>
</system-out>
<error message="page.goto: net::ERR_CONNECTION_REFUSED at http://localhost:3000/" type="Error">
<![CDATA[  [chromium] › landing.spec.ts:9:3 › Landing Page › renders hero heading and tagline ───────────────

    Error: page.goto: net::ERR_CONNECTION_REFUSED at http://localhost:3000/
    Call log:
      - navigating to "http://localhost:3000/", waiting until "domcontentloaded"


       8 | test.describe('Landing Page', () => {
       9 |   test('renders hero heading and tagline', async ({ page }) => {
    > 10 |     await page.goto('/', { waitUntil: 'domcontentloaded' })
         |                ^
      11 |     await expect(page.getByRole('heading', { name: /Terminplanung/ })).toBeVisible()
      12 |     await expect(page.getByText('Für Jugendverbände gemacht')).toBeVisible()
      13 |   })
        at /home/justus/Projects/chronos-frontend/e2e/landing.spec.ts:10:16

    attachment #1: screenshot (image/png) ──────────────────────────────────────────────────────────
    ../test-results/landing-Landing-Page-renders-hero-heading-and-tagline-chromium/test-failed-1.png
    ────────────────────────────────────────────────────────────────────────────────────────────────

    Error Context: ../test-results/landing-Landing-Page-renders-hero-heading-and-tagline-chromium/error-context.md
]]>
</error>
</testcase>
<testcase name="Landing Page › shows Anmelden and Registrieren buttons" classname="landing.spec.ts" time="0.2">
<system-out>
<![CDATA[
[[ATTACHMENT|landing-Landing-Page-shows-Anmelden-and-Registrieren-buttons-chromium/test-failed-1.png]]

[[ATTACHMENT|landing-Landing-Page-shows-Anmelden-and-Registrieren-buttons-chromium/error-context.md]]
]]>
</system-out>
<error message="page.goto: net::ERR_CONNECTION_REFUSED at http://localhost:3000/" type="Error">
<![CDATA[  [chromium] › landing.spec.ts:15:3 › Landing Page › shows Anmelden and Registrieren buttons ───────

    Error: page.goto: net::ERR_CONNECTION_REFUSED at http://localhost:3000/
    Call log:
      - navigating to "http://localhost:3000/", waiting until "domcontentloaded"


      14 |
      15 |   test('shows Anmelden and Registrieren buttons', async ({ page }) => {
    > 16 |     await page.goto('/', { waitUntil: 'domcontentloaded' })
         |                ^
      17 |     await expect(page.getByRole('link', { name: 'Anmelden' }).first()).toBeVisible()
      18 |     await expect(page.getByRole('link', { name: 'Registrieren' }).first()).toBeVisible()
      19 |   })
        at /home/justus/Projects/chronos-frontend/e2e/landing.spec.ts:16:16

    attachment #1: screenshot (image/png) ──────────────────────────────────────────────────────────
    ../test-results/landing-Landing-Page-shows-Anmelden-and-Registrieren-buttons-chromium/test-failed-1.png
    ────────────────────────────────────────────────────────────────────────────────────────────────

    Error Context: ../test-results/landing-Landing-Page-shows-Anmelden-and-Registrieren-buttons-chromium/error-context.md
]]>
</error>
</testcase>
<testcase name="Landing Page › Anmelden links to /api/auth/login" classname="landing.spec.ts" time="0.197">
<system-out>
<![CDATA[
[[ATTACHMENT|landing-Landing-Page-Anmelden-links-to-api-auth-login-chromium/test-failed-1.png]]

[[ATTACHMENT|landing-Landing-Page-Anmelden-links-to-api-auth-login-chromium/error-context.md]]
]]>
</system-out>
<error message="page.goto: net::ERR_CONNECTION_REFUSED at http://localhost:3000/" type="Error">
<![CDATA[  [chromium] › landing.spec.ts:21:3 › Landing Page › Anmelden links to /api/auth/login ─────────────

    Error: page.goto: net::ERR_CONNECTION_REFUSED at http://localhost:3000/
    Call log:
      - navigating to "http://localhost:3000/", waiting until "domcontentloaded"


      20 |
      21 |   test('Anmelden links to /api/auth/login', async ({ page }) => {
    > 22 |     await page.goto('/', { waitUntil: 'domcontentloaded' })
         |                ^
      23 |     await expect(page.getByRole('link', { name: 'Anmelden' }).first())
      24 |       .toHaveAttribute('href', '/api/auth/login')
      25 |   })
        at /home/justus/Projects/chronos-frontend/e2e/landing.spec.ts:22:16

    attachment #1: screenshot (image/png) ──────────────────────────────────────────────────────────
    ../test-results/landing-Landing-Page-Anmelden-links-to-api-auth-login-chromium/test-failed-1.png
    ────────────────────────────────────────────────────────────────────────────────────────────────

    Error Context: ../test-results/landing-Landing-Page-Anmelden-links-to-api-auth-login-chromium/error-context.md
]]>
</error>
</testcase>
<testcase name="Landing Page › Registrieren links to /api/auth/register" classname="landing.spec.ts" time="0.243">
<system-out>
<![CDATA[
[[ATTACHMENT|landing-Landing-Page-Registrieren-links-to-api-auth-register-chromium/test-failed-1.png]]

[[ATTACHMENT|landing-Landing-Page-Registrieren-links-to-api-auth-register-chromium/error-context.md]]
]]>
</system-out>
<error message="page.goto: net::ERR_CONNECTION_REFUSED at http://localhost:3000/" type="Error">
<![CDATA[  [chromium] › landing.spec.ts:27:3 › Landing Page › Registrieren links to /api/auth/register ──────

    Error: page.goto: net::ERR_CONNECTION_REFUSED at http://localhost:3000/
    Call log:
      - navigating to "http://localhost:3000/", waiting until "domcontentloaded"


      26 |
      27 |   test('Registrieren links to /api/auth/register', async ({ page }) => {
    > 28 |     await page.goto('/', { waitUntil: 'domcontentloaded' })
         |                ^
      29 |     await expect(page.getByRole('link', { name: 'Registrieren' }).first())
      30 |       .toHaveAttribute('href', '/api/auth/register')
      31 |   })
        at /home/justus/Projects/chronos-frontend/e2e/landing.spec.ts:28:16

    attachment #1: screenshot (image/png) ──────────────────────────────────────────────────────────
    ../test-results/landing-Landing-Page-Registrieren-links-to-api-auth-register-chromium/test-failed-1.png
    ────────────────────────────────────────────────────────────────────────────────────────────────

    Error Context: ../test-results/landing-Landing-Page-Registrieren-links-to-api-auth-register-chromium/error-context.md
]]>
</error>
</testcase>
<testcase name="Landing Page › features section is present" classname="landing.spec.ts" time="0.24">
<system-out>
<![CDATA[
[[ATTACHMENT|landing-Landing-Page-features-section-is-present-chromium/test-failed-1.png]]

[[ATTACHMENT|landing-Landing-Page-features-section-is-present-chromium/error-context.md]]
]]>
</system-out>
<error message="page.goto: net::ERR_CONNECTION_REFUSED at http://localhost:3000/" type="Error">
<![CDATA[  [chromium] › landing.spec.ts:33:3 › Landing Page › features section is present ───────────────────

    Error: page.goto: net::ERR_CONNECTION_REFUSED at http://localhost:3000/
    Call log:
      - navigating to "http://localhost:3000/", waiting until "domcontentloaded"


      32 |
      33 |   test('features section is present', async ({ page }) => {
    > 34 |     await page.goto('/', { waitUntil: 'domcontentloaded' })
         |                ^
      35 |     await expect(page.getByRole('heading', { name: 'Alles, was dein Team braucht' })).toBeVisible()
      36 |   })
      37 |
        at /home/justus/Projects/chronos-frontend/e2e/landing.spec.ts:34:16

    attachment #1: screenshot (image/png) ──────────────────────────────────────────────────────────
    ../test-results/landing-Landing-Page-features-section-is-present-chromium/test-failed-1.png
    ────────────────────────────────────────────────────────────────────────────────────────────────

    Error Context: ../test-results/landing-Landing-Page-features-section-is-present-chromium/error-context.md
]]>
</error>
</testcase>
<testcase name="Landing Page › all four feature cards are present" classname="landing.spec.ts" time="0.218">
<system-out>
<![CDATA[
[[ATTACHMENT|landing-Landing-Page-all-four-feature-cards-are-present-chromium/test-failed-1.png]]

[[ATTACHMENT|landing-Landing-Page-all-four-feature-cards-are-present-chromium/error-context.md]]
]]>
</system-out>
<error message="page.goto: net::ERR_CONNECTION_REFUSED at http://localhost:3000/" type="Error">
<![CDATA[  [chromium] › landing.spec.ts:38:3 › Landing Page › all four feature cards are present ────────────

    Error: page.goto: net::ERR_CONNECTION_REFUSED at http://localhost:3000/
    Call log:
      - navigating to "http://localhost:3000/", waiting until "domcontentloaded"


      37 |
      38 |   test('all four feature cards are present', async ({ page }) => {
    > 39 |     await page.goto('/', { waitUntil: 'domcontentloaded' })
         |                ^
      40 |     await expect(page.getByRole('heading', { name: 'Termine organisieren' })).toBeVisible()
      41 |     await expect(page.getByRole('heading', { name: 'Verfügbarkeit abfragen' })).toBeVisible()
      42 |     await expect(page.getByRole('heading', { name: 'Push-Benachrichtigungen' })).toBeVisible()
        at /home/justus/Projects/chronos-frontend/e2e/landing.spec.ts:39:16

    attachment #1: screenshot (image/png) ──────────────────────────────────────────────────────────
    ../test-results/landing-Landing-Page-all-four-feature-cards-are-present-chromium/test-failed-1.png
    ────────────────────────────────────────────────────────────────────────────────────────────────

    Error Context: ../test-results/landing-Landing-Page-all-four-feature-cards-are-present-chromium/error-context.md
]]>
</error>
</testcase>
<testcase name="Landing Page › CTA section is present" classname="landing.spec.ts" time="0.234">
<system-out>
<![CDATA[
[[ATTACHMENT|landing-Landing-Page-CTA-section-is-present-chromium/test-failed-1.png]]

[[ATTACHMENT|landing-Landing-Page-CTA-section-is-present-chromium/error-context.md]]
]]>
</system-out>
<error message="page.goto: net::ERR_CONNECTION_REFUSED at http://localhost:3000/" type="Error">
<![CDATA[  [chromium] › landing.spec.ts:46:3 › Landing Page › CTA section is present ────────────────────────

    Error: page.goto: net::ERR_CONNECTION_REFUSED at http://localhost:3000/
    Call log:
      - navigating to "http://localhost:3000/", waiting until "domcontentloaded"


      45 |
      46 |   test('CTA section is present', async ({ page }) => {
    > 47 |     await page.goto('/', { waitUntil: 'domcontentloaded' })
         |                ^
      48 |     await expect(page.getByRole('heading', { name: 'Bereit loszulegen?' })).toBeVisible()
      49 |   })
      50 | })
        at /home/justus/Projects/chronos-frontend/e2e/landing.spec.ts:47:16

    attachment #1: screenshot (image/png) ──────────────────────────────────────────────────────────
    ../test-results/landing-Landing-Page-CTA-section-is-present-chromium/test-failed-1.png
    ────────────────────────────────────────────────────────────────────────────────────────────────

    Error Context: ../test-results/landing-Landing-Page-CTA-section-is-present-chromium/error-context.md
]]>
</error>
</testcase>
</testsuite>
<testsuite name="public-pages.spec.ts" timestamp="2026-05-09T08:20:35.938Z" hostname="chromium" tests="6" failures="0" skipped="0" time="2.162" errors="6">
<testcase name="Public pages › Impressum renders with heading" classname="public-pages.spec.ts" time="0.246">
<system-out>
<![CDATA[
[[ATTACHMENT|public-pages-Public-pages-Impressum-renders-with-heading-chromium/test-failed-1.png]]

[[ATTACHMENT|public-pages-Public-pages-Impressum-renders-with-heading-chromium/error-context.md]]
]]>
</system-out>
<error message="page.goto: net::ERR_CONNECTION_REFUSED at http://localhost:3000/public/impressum" type="Error">
<![CDATA[  [chromium] › public-pages.spec.ts:4:3 › Public pages › Impressum renders with heading ────────────

    Error: page.goto: net::ERR_CONNECTION_REFUSED at http://localhost:3000/public/impressum
    Call log:
      - navigating to "http://localhost:3000/public/impressum", waiting until "domcontentloaded"


      3 | test.describe('Public pages', () => {
      4 |   test('Impressum renders with heading', async ({ page }) => {
    > 5 |     await page.goto('/public/impressum', { waitUntil: 'domcontentloaded' })
        |                ^
      6 |     await expect(page.getByRole('heading', { name: 'Impressum' })).toBeVisible()
      7 |   })
      8 |
        at /home/justus/Projects/chronos-frontend/e2e/public-pages.spec.ts:5:16

    attachment #1: screenshot (image/png) ──────────────────────────────────────────────────────────
    ../test-results/public-pages-Public-pages-Impressum-renders-with-heading-chromium/test-failed-1.png
    ────────────────────────────────────────────────────────────────────────────────────────────────

    Error Context: ../test-results/public-pages-Public-pages-Impressum-renders-with-heading-chromium/error-context.md
]]>
</error>
</testcase>
<testcase name="Public pages › Impressum has Chronos logo link back to home" classname="public-pages.spec.ts" time="0.216">
<system-out>
<![CDATA[
[[ATTACHMENT|public-pages-Public-pages--7eb98-onos-logo-link-back-to-home-chromium/test-failed-1.png]]

[[ATTACHMENT|public-pages-Public-pages--7eb98-onos-logo-link-back-to-home-chromium/error-context.md]]
]]>
</system-out>
<error message="page.goto: net::ERR_CONNECTION_REFUSED at http://localhost:3000/public/impressum" type="Error">
<![CDATA[  [chromium] › public-pages.spec.ts:9:3 › Public pages › Impressum has Chronos logo link back to home 

    Error: page.goto: net::ERR_CONNECTION_REFUSED at http://localhost:3000/public/impressum
    Call log:
      - navigating to "http://localhost:3000/public/impressum", waiting until "domcontentloaded"


       8 |
       9 |   test('Impressum has Chronos logo link back to home', async ({ page }) => {
    > 10 |     await page.goto('/public/impressum', { waitUntil: 'domcontentloaded' })
         |                ^
      11 |     const logoLink = page.getByRole('link', { name: /Chronos/ }).first()
      12 |     await expect(logoLink).toBeVisible()
      13 |     await logoLink.click()
        at /home/justus/Projects/chronos-frontend/e2e/public-pages.spec.ts:10:16

    attachment #1: screenshot (image/png) ──────────────────────────────────────────────────────────
    ../test-results/public-pages-Public-pages--7eb98-onos-logo-link-back-to-home-chromium/test-failed-1.png
    ────────────────────────────────────────────────────────────────────────────────────────────────

    Error Context: ../test-results/public-pages-Public-pages--7eb98-onos-logo-link-back-to-home-chromium/error-context.md
]]>
</error>
</testcase>
<testcase name="Public pages › Datenschutz page renders" classname="public-pages.spec.ts" time="0.238">
<system-out>
<![CDATA[
[[ATTACHMENT|public-pages-Public-pages-Datenschutz-page-renders-chromium/test-failed-1.png]]

[[ATTACHMENT|public-pages-Public-pages-Datenschutz-page-renders-chromium/error-context.md]]
]]>
</system-out>
<error message="page.goto: net::ERR_CONNECTION_REFUSED at http://localhost:3000/public/datenschutz" type="Error">
<![CDATA[  [chromium] › public-pages.spec.ts:17:3 › Public pages › Datenschutz page renders ─────────────────

    Error: page.goto: net::ERR_CONNECTION_REFUSED at http://localhost:3000/public/datenschutz
    Call log:
      - navigating to "http://localhost:3000/public/datenschutz", waiting until "domcontentloaded"


      16 |
      17 |   test('Datenschutz page renders', async ({ page }) => {
    > 18 |     await page.goto('/public/datenschutz', { waitUntil: 'domcontentloaded' })
         |                ^
      19 |     await expect(page.locator('h1').first()).toBeVisible()
      20 |   })
      21 |
        at /home/justus/Projects/chronos-frontend/e2e/public-pages.spec.ts:18:16

    attachment #1: screenshot (image/png) ──────────────────────────────────────────────────────────
    ../test-results/public-pages-Public-pages-Datenschutz-page-renders-chromium/test-failed-1.png
    ────────────────────────────────────────────────────────────────────────────────────────────────

    Error Context: ../test-results/public-pages-Public-pages-Datenschutz-page-renders-chromium/error-context.md
]]>
</error>
</testcase>
<testcase name="Public pages › Install page renders" classname="public-pages.spec.ts" time="0.199">
<system-out>
<![CDATA[
[[ATTACHMENT|public-pages-Public-pages-Install-page-renders-chromium/test-failed-1.png]]

[[ATTACHMENT|public-pages-Public-pages-Install-page-renders-chromium/error-context.md]]
]]>
</system-out>
<error message="page.goto: net::ERR_CONNECTION_REFUSED at http://localhost:3000/public/install" type="Error">
<![CDATA[  [chromium] › public-pages.spec.ts:22:3 › Public pages › Install page renders ─────────────────────

    Error: page.goto: net::ERR_CONNECTION_REFUSED at http://localhost:3000/public/install
    Call log:
      - navigating to "http://localhost:3000/public/install", waiting until "domcontentloaded"


      21 |
      22 |   test('Install page renders', async ({ page }) => {
    > 23 |     await page.goto('/public/install', { waitUntil: 'domcontentloaded' })
         |                ^
      24 |     await expect(page.locator('body')).toBeVisible()
      25 |   })
      26 |
        at /home/justus/Projects/chronos-frontend/e2e/public-pages.spec.ts:23:16

    attachment #1: screenshot (image/png) ──────────────────────────────────────────────────────────
    ../test-results/public-pages-Public-pages-Install-page-renders-chromium/test-failed-1.png
    ────────────────────────────────────────────────────────────────────────────────────────────────

    Error Context: ../test-results/public-pages-Public-pages-Install-page-renders-chromium/error-context.md
]]>
</error>
</testcase>
<testcase name="Public pages › PWA manifest is served with correct content type" classname="public-pages.spec.ts" time="0.634">
<system-out>
<![CDATA[
[[ATTACHMENT|public-pages-Public-pages--e47c3-d-with-correct-content-type-chromium/error-context.md]]
]]>
</system-out>
<error message="apiRequestContext.get: connect ECONNREFUSED ::1:3000" type="Error">
<![CDATA[  [chromium] › public-pages.spec.ts:27:3 › Public pages › PWA manifest is served with correct content type 

    Error: apiRequestContext.get: connect ECONNREFUSED ::1:3000
    Call log:
      - → GET http://localhost:3000/manifest.webmanifest
        - user-agent: Mozilla/5.0 (Windows NT 10.0; Win64; x64) AppleWebKit/537.36 (KHTML, like Gecko) Chrome/147.0.7727.15 Safari/537.36
        - accept: */*
        - accept-encoding: gzip,deflate,br

        at apiRequestContext.get: connect ECONNREFUSED ::1:3000
        at /home/justus/Projects/chronos-frontend/e2e/public-pages.spec.ts:28:36

    Error Context: ../test-results/public-pages-Public-pages--e47c3-d-with-correct-content-type-chromium/error-context.md
]]>
</error>
</testcase>
<testcase name="Public pages › PWA manifest has required fields" classname="public-pages.spec.ts" time="0.629">
<system-out>
<![CDATA[
[[ATTACHMENT|public-pages-Public-pages-PWA-manifest-has-required-fields-chromium/error-context.md]]
]]>
</system-out>
<error message="apiRequestContext.get: connect ECONNREFUSED ::1:3000" type="Error">
<![CDATA[  [chromium] › public-pages.spec.ts:33:3 › Public pages › PWA manifest has required fields ─────────

    Error: apiRequestContext.get: connect ECONNREFUSED ::1:3000
    Call log:
      - → GET http://localhost:3000/manifest.webmanifest
        - user-agent: Mozilla/5.0 (Windows NT 10.0; Win64; x64) AppleWebKit/537.36 (KHTML, like Gecko) Chrome/147.0.7727.15 Safari/537.36
        - accept: */*
        - accept-encoding: gzip,deflate,br

        at apiRequestContext.get: connect ECONNREFUSED ::1:3000
        at /home/justus/Projects/chronos-frontend/e2e/public-pages.spec.ts:34:36

    Error Context: ../test-results/public-pages-Public-pages-PWA-manifest-has-required-fields-chromium/error-context.md
]]>
</error>
</testcase>
</testsuite>
<testsuite name="auth-redirects.spec.ts" timestamp="2026-05-09T08:20:35.938Z" hostname="mobile-chrome" tests="5" failures="0" skipped="0" time="1.131" errors="5">
<testcase name="Auth redirects › /agenda redirects unauthenticated visitor to landing page" classname="auth-redirects.spec.ts" time="0.223">
<system-out>
<![CDATA[
[[ATTACHMENT|auth-redirects-Auth-redire-9338e-ted-visitor-to-landing-page-mobile-chrome/test-failed-1.png]]

[[ATTACHMENT|auth-redirects-Auth-redire-9338e-ted-visitor-to-landing-page-mobile-chrome/error-context.md]]
]]>
</system-out>
<error message="page.goto: net::ERR_CONNECTION_REFUSED at http://localhost:3000/agenda" type="Error">
<![CDATA[  [mobile-chrome] › auth-redirects.spec.ts:14:5 › Auth redirects › /agenda redirects unauthenticated visitor to landing page 

    Error: page.goto: net::ERR_CONNECTION_REFUSED at http://localhost:3000/agenda
    Call log:
      - navigating to "http://localhost:3000/agenda", waiting until "domcontentloaded"


      13 |   for (const route of protectedRoutes) {
      14 |     test(`${route} redirects unauthenticated visitor to landing page`, async ({ page }) => {
    > 15 |       await page.goto(route, { waitUntil: 'domcontentloaded' })
         |                  ^
      16 |       await expect(page).toHaveURL('/')
      17 |       // Confirm the landing page is shown, not an error page
      18 |       await expect(page.getByRole('heading', { name: /Terminplanung/ })).toBeVisible()
        at /home/justus/Projects/chronos-frontend/e2e/auth-redirects.spec.ts:15:18

    attachment #1: screenshot (image/png) ──────────────────────────────────────────────────────────
    ../test-results/auth-redirects-Auth-redire-9338e-ted-visitor-to-landing-page-mobile-chrome/test-failed-1.png
    ────────────────────────────────────────────────────────────────────────────────────────────────

    Error Context: ../test-results/auth-redirects-Auth-redire-9338e-ted-visitor-to-landing-page-mobile-chrome/error-context.md
]]>
</error>
</testcase>
<testcase name="Auth redirects › /settings redirects unauthenticated visitor to landing page" classname="auth-redirects.spec.ts" time="0.2">
<system-out>
<![CDATA[
[[ATTACHMENT|auth-redirects-Auth-redire-0c003-ted-visitor-to-landing-page-mobile-chrome/test-failed-1.png]]

[[ATTACHMENT|auth-redirects-Auth-redire-0c003-ted-visitor-to-landing-page-mobile-chrome/error-context.md]]
]]>
</system-out>
<error message="page.goto: net::ERR_CONNECTION_REFUSED at http://localhost:3000/settings" type="Error">
<![CDATA[  [mobile-chrome] › auth-redirects.spec.ts:14:5 › Auth redirects › /settings redirects unauthenticated visitor to landing page 

    Error: page.goto: net::ERR_CONNECTION_REFUSED at http://localhost:3000/settings
    Call log:
      - navigating to "http://localhost:3000/settings", waiting until "domcontentloaded"


      13 |   for (const route of protectedRoutes) {
      14 |     test(`${route} redirects unauthenticated visitor to landing page`, async ({ page }) => {
    > 15 |       await page.goto(route, { waitUntil: 'domcontentloaded' })
         |                  ^
      16 |       await expect(page).toHaveURL('/')
      17 |       // Confirm the landing page is shown, not an error page
      18 |       await expect(page.getByRole('heading', { name: /Terminplanung/ })).toBeVisible()
        at /home/justus/Projects/chronos-frontend/e2e/auth-redirects.spec.ts:15:18

    attachment #1: screenshot (image/png) ──────────────────────────────────────────────────────────
    ../test-results/auth-redirects-Auth-redire-0c003-ted-visitor-to-landing-page-mobile-chrome/test-failed-1.png
    ────────────────────────────────────────────────────────────────────────────────────────────────

    Error Context: ../test-results/auth-redirects-Auth-redire-0c003-ted-visitor-to-landing-page-mobile-chrome/error-context.md
]]>
</error>
</testcase>
<testcase name="Auth redirects › /profile redirects unauthenticated visitor to landing page" classname="auth-redirects.spec.ts" time="0.272">
<system-out>
<![CDATA[
[[ATTACHMENT|auth-redirects-Auth-redire-dd0c4-ted-visitor-to-landing-page-mobile-chrome/test-failed-1.png]]

[[ATTACHMENT|auth-redirects-Auth-redire-dd0c4-ted-visitor-to-landing-page-mobile-chrome/error-context.md]]
]]>
</system-out>
<error message="page.goto: net::ERR_CONNECTION_REFUSED at http://localhost:3000/profile" type="Error">
<![CDATA[  [mobile-chrome] › auth-redirects.spec.ts:14:5 › Auth redirects › /profile redirects unauthenticated visitor to landing page 

    Error: page.goto: net::ERR_CONNECTION_REFUSED at http://localhost:3000/profile
    Call log:
      - navigating to "http://localhost:3000/profile", waiting until "domcontentloaded"


      13 |   for (const route of protectedRoutes) {
      14 |     test(`${route} redirects unauthenticated visitor to landing page`, async ({ page }) => {
    > 15 |       await page.goto(route, { waitUntil: 'domcontentloaded' })
         |                  ^
      16 |       await expect(page).toHaveURL('/')
      17 |       // Confirm the landing page is shown, not an error page
      18 |       await expect(page.getByRole('heading', { name: /Terminplanung/ })).toBeVisible()
        at /home/justus/Projects/chronos-frontend/e2e/auth-redirects.spec.ts:15:18

    attachment #1: screenshot (image/png) ──────────────────────────────────────────────────────────
    ../test-results/auth-redirects-Auth-redire-dd0c4-ted-visitor-to-landing-page-mobile-chrome/test-failed-1.png
    ────────────────────────────────────────────────────────────────────────────────────────────────

    Error Context: ../test-results/auth-redirects-Auth-redire-dd0c4-ted-visitor-to-landing-page-mobile-chrome/error-context.md
]]>
</error>
</testcase>
<testcase name="Auth redirects › /friends redirects unauthenticated visitor to landing page" classname="auth-redirects.spec.ts" time="0.215">
<system-out>
<![CDATA[
[[ATTACHMENT|auth-redirects-Auth-redire-7169c-ted-visitor-to-landing-page-mobile-chrome/test-failed-1.png]]

[[ATTACHMENT|auth-redirects-Auth-redire-7169c-ted-visitor-to-landing-page-mobile-chrome/error-context.md]]
]]>
</system-out>
<error message="page.goto: net::ERR_CONNECTION_REFUSED at http://localhost:3000/friends" type="Error">
<![CDATA[  [mobile-chrome] › auth-redirects.spec.ts:14:5 › Auth redirects › /friends redirects unauthenticated visitor to landing page 

    Error: page.goto: net::ERR_CONNECTION_REFUSED at http://localhost:3000/friends
    Call log:
      - navigating to "http://localhost:3000/friends", waiting until "domcontentloaded"


      13 |   for (const route of protectedRoutes) {
      14 |     test(`${route} redirects unauthenticated visitor to landing page`, async ({ page }) => {
    > 15 |       await page.goto(route, { waitUntil: 'domcontentloaded' })
         |                  ^
      16 |       await expect(page).toHaveURL('/')
      17 |       // Confirm the landing page is shown, not an error page
      18 |       await expect(page.getByRole('heading', { name: /Terminplanung/ })).toBeVisible()
        at /home/justus/Projects/chronos-frontend/e2e/auth-redirects.spec.ts:15:18

    attachment #1: screenshot (image/png) ──────────────────────────────────────────────────────────
    ../test-results/auth-redirects-Auth-redire-7169c-ted-visitor-to-landing-page-mobile-chrome/test-failed-1.png
    ────────────────────────────────────────────────────────────────────────────────────────────────

    Error Context: ../test-results/auth-redirects-Auth-redire-7169c-ted-visitor-to-landing-page-mobile-chrome/error-context.md
]]>
</error>
</testcase>
<testcase name="Auth redirects › /groups redirects unauthenticated visitor to landing page" classname="auth-redirects.spec.ts" time="0.221">
<system-out>
<![CDATA[
[[ATTACHMENT|auth-redirects-Auth-redire-7d96e-ted-visitor-to-landing-page-mobile-chrome/test-failed-1.png]]

[[ATTACHMENT|auth-redirects-Auth-redire-7d96e-ted-visitor-to-landing-page-mobile-chrome/error-context.md]]
]]>
</system-out>
<error message="page.goto: net::ERR_CONNECTION_REFUSED at http://localhost:3000/groups" type="Error">
<![CDATA[  [mobile-chrome] › auth-redirects.spec.ts:14:5 › Auth redirects › /groups redirects unauthenticated visitor to landing page 

    Error: page.goto: net::ERR_CONNECTION_REFUSED at http://localhost:3000/groups
    Call log:
      - navigating to "http://localhost:3000/groups", waiting until "domcontentloaded"


      13 |   for (const route of protectedRoutes) {
      14 |     test(`${route} redirects unauthenticated visitor to landing page`, async ({ page }) => {
    > 15 |       await page.goto(route, { waitUntil: 'domcontentloaded' })
         |                  ^
      16 |       await expect(page).toHaveURL('/')
      17 |       // Confirm the landing page is shown, not an error page
      18 |       await expect(page.getByRole('heading', { name: /Terminplanung/ })).toBeVisible()
        at /home/justus/Projects/chronos-frontend/e2e/auth-redirects.spec.ts:15:18

    attachment #1: screenshot (image/png) ──────────────────────────────────────────────────────────
    ../test-results/auth-redirects-Auth-redire-7d96e-ted-visitor-to-landing-page-mobile-chrome/test-failed-1.png
    ────────────────────────────────────────────────────────────────────────────────────────────────

    Error Context: ../test-results/auth-redirects-Auth-redire-7d96e-ted-visitor-to-landing-page-mobile-chrome/error-context.md
]]>
</error>
</testcase>
</testsuite>
<testsuite name="landing.spec.ts" timestamp="2026-05-09T08:20:35.938Z" hostname="mobile-chrome" tests="7" failures="0" skipped="0" time="1.703" errors="7">
<testcase name="Landing Page › renders hero heading and tagline" classname="landing.spec.ts" time="0.171">
<system-out>
<![CDATA[
[[ATTACHMENT|landing-Landing-Page-renders-hero-heading-and-tagline-mobile-chrome/test-failed-1.png]]

[[ATTACHMENT|landing-Landing-Page-renders-hero-heading-and-tagline-mobile-chrome/error-context.md]]
]]>
</system-out>
<error message="page.goto: net::ERR_CONNECTION_REFUSED at http://localhost:3000/" type="Error">
<![CDATA[  [mobile-chrome] › landing.spec.ts:9:3 › Landing Page › renders hero heading and tagline ──────────

    Error: page.goto: net::ERR_CONNECTION_REFUSED at http://localhost:3000/
    Call log:
      - navigating to "http://localhost:3000/", waiting until "domcontentloaded"


       8 | test.describe('Landing Page', () => {
       9 |   test('renders hero heading and tagline', async ({ page }) => {
    > 10 |     await page.goto('/', { waitUntil: 'domcontentloaded' })
         |                ^
      11 |     await expect(page.getByRole('heading', { name: /Terminplanung/ })).toBeVisible()
      12 |     await expect(page.getByText('Für Jugendverbände gemacht')).toBeVisible()
      13 |   })
        at /home/justus/Projects/chronos-frontend/e2e/landing.spec.ts:10:16

    attachment #1: screenshot (image/png) ──────────────────────────────────────────────────────────
    ../test-results/landing-Landing-Page-renders-hero-heading-and-tagline-mobile-chrome/test-failed-1.png
    ────────────────────────────────────────────────────────────────────────────────────────────────

    Error Context: ../test-results/landing-Landing-Page-renders-hero-heading-and-tagline-mobile-chrome/error-context.md
]]>
</error>
</testcase>
<testcase name="Landing Page › shows Anmelden and Registrieren buttons" classname="landing.spec.ts" time="0.272">
<system-out>
<![CDATA[
[[ATTACHMENT|landing-Landing-Page-shows-Anmelden-and-Registrieren-buttons-mobile-chrome/test-failed-1.png]]

[[ATTACHMENT|landing-Landing-Page-shows-Anmelden-and-Registrieren-buttons-mobile-chrome/error-context.md]]
]]>
</system-out>
<error message="page.goto: net::ERR_CONNECTION_REFUSED at http://localhost:3000/" type="Error">
<![CDATA[  [mobile-chrome] › landing.spec.ts:15:3 › Landing Page › shows Anmelden and Registrieren buttons ──

    Error: page.goto: net::ERR_CONNECTION_REFUSED at http://localhost:3000/
    Call log:
      - navigating to "http://localhost:3000/", waiting until "domcontentloaded"


      14 |
      15 |   test('shows Anmelden and Registrieren buttons', async ({ page }) => {
    > 16 |     await page.goto('/', { waitUntil: 'domcontentloaded' })
         |                ^
      17 |     await expect(page.getByRole('link', { name: 'Anmelden' }).first()).toBeVisible()
      18 |     await expect(page.getByRole('link', { name: 'Registrieren' }).first()).toBeVisible()
      19 |   })
        at /home/justus/Projects/chronos-frontend/e2e/landing.spec.ts:16:16

    attachment #1: screenshot (image/png) ──────────────────────────────────────────────────────────
    ../test-results/landing-Landing-Page-shows-Anmelden-and-Registrieren-buttons-mobile-chrome/test-failed-1.png
    ────────────────────────────────────────────────────────────────────────────────────────────────

    Error Context: ../test-results/landing-Landing-Page-shows-Anmelden-and-Registrieren-buttons-mobile-chrome/error-context.md
]]>
</error>
</testcase>
<testcase name="Landing Page › Anmelden links to /api/auth/login" classname="landing.spec.ts" time="0.255">
<system-out>
<![CDATA[
[[ATTACHMENT|landing-Landing-Page-Anmelden-links-to-api-auth-login-mobile-chrome/test-failed-1.png]]

[[ATTACHMENT|landing-Landing-Page-Anmelden-links-to-api-auth-login-mobile-chrome/error-context.md]]
]]>
</system-out>
<error message="page.goto: net::ERR_CONNECTION_REFUSED at http://localhost:3000/" type="Error">
<![CDATA[  [mobile-chrome] › landing.spec.ts:21:3 › Landing Page › Anmelden links to /api/auth/login ────────

    Error: page.goto: net::ERR_CONNECTION_REFUSED at http://localhost:3000/
    Call log:
      - navigating to "http://localhost:3000/", waiting until "domcontentloaded"


      20 |
      21 |   test('Anmelden links to /api/auth/login', async ({ page }) => {
    > 22 |     await page.goto('/', { waitUntil: 'domcontentloaded' })
         |                ^
      23 |     await expect(page.getByRole('link', { name: 'Anmelden' }).first())
      24 |       .toHaveAttribute('href', '/api/auth/login')
      25 |   })
        at /home/justus/Projects/chronos-frontend/e2e/landing.spec.ts:22:16

    attachment #1: screenshot (image/png) ──────────────────────────────────────────────────────────
    ../test-results/landing-Landing-Page-Anmelden-links-to-api-auth-login-mobile-chrome/test-failed-1.png
    ────────────────────────────────────────────────────────────────────────────────────────────────

    Error Context: ../test-results/landing-Landing-Page-Anmelden-links-to-api-auth-login-mobile-chrome/error-context.md
]]>
</error>
</testcase>
<testcase name="Landing Page › Registrieren links to /api/auth/register" classname="landing.spec.ts" time="0.234">
<system-out>
<![CDATA[
[[ATTACHMENT|landing-Landing-Page-Registrieren-links-to-api-auth-register-mobile-chrome/test-failed-1.png]]

[[ATTACHMENT|landing-Landing-Page-Registrieren-links-to-api-auth-register-mobile-chrome/error-context.md]]
]]>
</system-out>
<error message="page.goto: net::ERR_CONNECTION_REFUSED at http://localhost:3000/" type="Error">
<![CDATA[  [mobile-chrome] › landing.spec.ts:27:3 › Landing Page › Registrieren links to /api/auth/register ─

    Error: page.goto: net::ERR_CONNECTION_REFUSED at http://localhost:3000/
    Call log:
      - navigating to "http://localhost:3000/", waiting until "domcontentloaded"


      26 |
      27 |   test('Registrieren links to /api/auth/register', async ({ page }) => {
    > 28 |     await page.goto('/', { waitUntil: 'domcontentloaded' })
         |                ^
      29 |     await expect(page.getByRole('link', { name: 'Registrieren' }).first())
      30 |       .toHaveAttribute('href', '/api/auth/register')
      31 |   })
        at /home/justus/Projects/chronos-frontend/e2e/landing.spec.ts:28:16

    attachment #1: screenshot (image/png) ──────────────────────────────────────────────────────────
    ../test-results/landing-Landing-Page-Registrieren-links-to-api-auth-register-mobile-chrome/test-failed-1.png
    ────────────────────────────────────────────────────────────────────────────────────────────────

    Error Context: ../test-results/landing-Landing-Page-Registrieren-links-to-api-auth-register-mobile-chrome/error-context.md
]]>
</error>
</testcase>
<testcase name="Landing Page › features section is present" classname="landing.spec.ts" time="0.245">
<system-out>
<![CDATA[
[[ATTACHMENT|landing-Landing-Page-features-section-is-present-mobile-chrome/test-failed-1.png]]

[[ATTACHMENT|landing-Landing-Page-features-section-is-present-mobile-chrome/error-context.md]]
]]>
</system-out>
<error message="page.goto: net::ERR_CONNECTION_REFUSED at http://localhost:3000/" type="Error">
<![CDATA[  [mobile-chrome] › landing.spec.ts:33:3 › Landing Page › features section is present ──────────────

    Error: page.goto: net::ERR_CONNECTION_REFUSED at http://localhost:3000/
    Call log:
      - navigating to "http://localhost:3000/", waiting until "domcontentloaded"


      32 |
      33 |   test('features section is present', async ({ page }) => {
    > 34 |     await page.goto('/', { waitUntil: 'domcontentloaded' })
         |                ^
      35 |     await expect(page.getByRole('heading', { name: 'Alles, was dein Team braucht' })).toBeVisible()
      36 |   })
      37 |
        at /home/justus/Projects/chronos-frontend/e2e/landing.spec.ts:34:16

    attachment #1: screenshot (image/png) ──────────────────────────────────────────────────────────
    ../test-results/landing-Landing-Page-features-section-is-present-mobile-chrome/test-failed-1.png
    ────────────────────────────────────────────────────────────────────────────────────────────────

    Error Context: ../test-results/landing-Landing-Page-features-section-is-present-mobile-chrome/error-context.md
]]>
</error>
</testcase>
<testcase name="Landing Page › all four feature cards are present" classname="landing.spec.ts" time="0.266">
<system-out>
<![CDATA[
[[ATTACHMENT|landing-Landing-Page-all-four-feature-cards-are-present-mobile-chrome/test-failed-1.png]]

[[ATTACHMENT|landing-Landing-Page-all-four-feature-cards-are-present-mobile-chrome/error-context.md]]
]]>
</system-out>
<error message="page.goto: net::ERR_CONNECTION_REFUSED at http://localhost:3000/" type="Error">
<![CDATA[  [mobile-chrome] › landing.spec.ts:38:3 › Landing Page › all four feature cards are present ───────

    Error: page.goto: net::ERR_CONNECTION_REFUSED at http://localhost:3000/
    Call log:
      - navigating to "http://localhost:3000/", waiting until "domcontentloaded"


      37 |
      38 |   test('all four feature cards are present', async ({ page }) => {
    > 39 |     await page.goto('/', { waitUntil: 'domcontentloaded' })
         |                ^
      40 |     await expect(page.getByRole('heading', { name: 'Termine organisieren' })).toBeVisible()
      41 |     await expect(page.getByRole('heading', { name: 'Verfügbarkeit abfragen' })).toBeVisible()
      42 |     await expect(page.getByRole('heading', { name: 'Push-Benachrichtigungen' })).toBeVisible()
        at /home/justus/Projects/chronos-frontend/e2e/landing.spec.ts:39:16

    attachment #1: screenshot (image/png) ──────────────────────────────────────────────────────────
    ../test-results/landing-Landing-Page-all-four-feature-cards-are-present-mobile-chrome/test-failed-1.png
    ────────────────────────────────────────────────────────────────────────────────────────────────

    Error Context: ../test-results/landing-Landing-Page-all-four-feature-cards-are-present-mobile-chrome/error-context.md
]]>
</error>
</testcase>
<testcase name="Landing Page › CTA section is present" classname="landing.spec.ts" time="0.26">
<system-out>
<![CDATA[
[[ATTACHMENT|landing-Landing-Page-CTA-section-is-present-mobile-chrome/test-failed-1.png]]

[[ATTACHMENT|landing-Landing-Page-CTA-section-is-present-mobile-chrome/error-context.md]]
]]>
</system-out>
<error message="page.goto: net::ERR_CONNECTION_REFUSED at http://localhost:3000/" type="Error">
<![CDATA[  [mobile-chrome] › landing.spec.ts:46:3 › Landing Page › CTA section is present ───────────────────

    Error: page.goto: net::ERR_CONNECTION_REFUSED at http://localhost:3000/
    Call log:
      - navigating to "http://localhost:3000/", waiting until "domcontentloaded"


      45 |
      46 |   test('CTA section is present', async ({ page }) => {
    > 47 |     await page.goto('/', { waitUntil: 'domcontentloaded' })
         |                ^
      48 |     await expect(page.getByRole('heading', { name: 'Bereit loszulegen?' })).toBeVisible()
      49 |   })
      50 | })
        at /home/justus/Projects/chronos-frontend/e2e/landing.spec.ts:47:16

    attachment #1: screenshot (image/png) ──────────────────────────────────────────────────────────
    ../test-results/landing-Landing-Page-CTA-section-is-present-mobile-chrome/test-failed-1.png
    ────────────────────────────────────────────────────────────────────────────────────────────────

    Error Context: ../test-results/landing-Landing-Page-CTA-section-is-present-mobile-chrome/error-context.md
]]>
</error>
</testcase>
</testsuite>
<testsuite name="public-pages.spec.ts" timestamp="2026-05-09T08:20:35.938Z" hostname="mobile-chrome" tests="6" failures="0" skipped="0" time="1.913" errors="6">
<testcase name="Public pages › Impressum renders with heading" classname="public-pages.spec.ts" time="0.192">
<system-out>
<![CDATA[
[[ATTACHMENT|public-pages-Public-pages-Impressum-renders-with-heading-mobile-chrome/test-failed-1.png]]

[[ATTACHMENT|public-pages-Public-pages-Impressum-renders-with-heading-mobile-chrome/error-context.md]]
]]>
</system-out>
<error message="page.goto: net::ERR_CONNECTION_REFUSED at http://localhost:3000/public/impressum" type="Error">
<![CDATA[  [mobile-chrome] › public-pages.spec.ts:4:3 › Public pages › Impressum renders with heading ───────

    Error: page.goto: net::ERR_CONNECTION_REFUSED at http://localhost:3000/public/impressum
    Call log:
      - navigating to "http://localhost:3000/public/impressum", waiting until "domcontentloaded"


      3 | test.describe('Public pages', () => {
      4 |   test('Impressum renders with heading', async ({ page }) => {
    > 5 |     await page.goto('/public/impressum', { waitUntil: 'domcontentloaded' })
        |                ^
      6 |     await expect(page.getByRole('heading', { name: 'Impressum' })).toBeVisible()
      7 |   })
      8 |
        at /home/justus/Projects/chronos-frontend/e2e/public-pages.spec.ts:5:16

    attachment #1: screenshot (image/png) ──────────────────────────────────────────────────────────
    ../test-results/public-pages-Public-pages-Impressum-renders-with-heading-mobile-chrome/test-failed-1.png
    ────────────────────────────────────────────────────────────────────────────────────────────────

    Error Context: ../test-results/public-pages-Public-pages-Impressum-renders-with-heading-mobile-chrome/error-context.md
]]>
</error>
</testcase>
<testcase name="Public pages › Impressum has Chronos logo link back to home" classname="public-pages.spec.ts" time="0.179">
<system-out>
<![CDATA[
[[ATTACHMENT|public-pages-Public-pages--7eb98-onos-logo-link-back-to-home-mobile-chrome/test-failed-1.png]]

[[ATTACHMENT|public-pages-Public-pages--7eb98-onos-logo-link-back-to-home-mobile-chrome/error-context.md]]
]]>
</system-out>
<error message="page.goto: net::ERR_CONNECTION_REFUSED at http://localhost:3000/public/impressum" type="Error">
<![CDATA[  [mobile-chrome] › public-pages.spec.ts:9:3 › Public pages › Impressum has Chronos logo link back to home 

    Error: page.goto: net::ERR_CONNECTION_REFUSED at http://localhost:3000/public/impressum
    Call log:
      - navigating to "http://localhost:3000/public/impressum", waiting until "domcontentloaded"


       8 |
       9 |   test('Impressum has Chronos logo link back to home', async ({ page }) => {
    > 10 |     await page.goto('/public/impressum', { waitUntil: 'domcontentloaded' })
         |                ^
      11 |     const logoLink = page.getByRole('link', { name: /Chronos/ }).first()
      12 |     await expect(logoLink).toBeVisible()
      13 |     await logoLink.click()
        at /home/justus/Projects/chronos-frontend/e2e/public-pages.spec.ts:10:16

    attachment #1: screenshot (image/png) ──────────────────────────────────────────────────────────
    ../test-results/public-pages-Public-pages--7eb98-onos-logo-link-back-to-home-mobile-chrome/test-failed-1.png
    ────────────────────────────────────────────────────────────────────────────────────────────────

    Error Context: ../test-results/public-pages-Public-pages--7eb98-onos-logo-link-back-to-home-mobile-chrome/error-context.md
]]>
</error>
</testcase>
<testcase name="Public pages › Datenschutz page renders" classname="public-pages.spec.ts" time="0.145">
<system-out>
<![CDATA[
[[ATTACHMENT|public-pages-Public-pages-Datenschutz-page-renders-mobile-chrome/test-failed-1.png]]

[[ATTACHMENT|public-pages-Public-pages-Datenschutz-page-renders-mobile-chrome/error-context.md]]
]]>
</system-out>
<error message="page.goto: net::ERR_CONNECTION_REFUSED at http://localhost:3000/public/datenschutz" type="Error">
<![CDATA[  [mobile-chrome] › public-pages.spec.ts:17:3 › Public pages › Datenschutz page renders ────────────

    Error: page.goto: net::ERR_CONNECTION_REFUSED at http://localhost:3000/public/datenschutz
    Call log:
      - navigating to "http://localhost:3000/public/datenschutz", waiting until "domcontentloaded"


      16 |
      17 |   test('Datenschutz page renders', async ({ page }) => {
    > 18 |     await page.goto('/public/datenschutz', { waitUntil: 'domcontentloaded' })
         |                ^
      19 |     await expect(page.locator('h1').first()).toBeVisible()
      20 |   })
      21 |
        at /home/justus/Projects/chronos-frontend/e2e/public-pages.spec.ts:18:16

    attachment #1: screenshot (image/png) ──────────────────────────────────────────────────────────
    ../test-results/public-pages-Public-pages-Datenschutz-page-renders-mobile-chrome/test-failed-1.png
    ────────────────────────────────────────────────────────────────────────────────────────────────

    Error Context: ../test-results/public-pages-Public-pages-Datenschutz-page-renders-mobile-chrome/error-context.md
]]>
</error>
</testcase>
<testcase name="Public pages › Install page renders" classname="public-pages.spec.ts" time="0.145">
<system-out>
<![CDATA[
[[ATTACHMENT|public-pages-Public-pages-Install-page-renders-mobile-chrome/test-failed-1.png]]

[[ATTACHMENT|public-pages-Public-pages-Install-page-renders-mobile-chrome/error-context.md]]
]]>
</system-out>
<error message="page.goto: net::ERR_CONNECTION_REFUSED at http://localhost:3000/public/install" type="Error">
<![CDATA[  [mobile-chrome] › public-pages.spec.ts:22:3 › Public pages › Install page renders ────────────────

    Error: page.goto: net::ERR_CONNECTION_REFUSED at http://localhost:3000/public/install
    Call log:
      - navigating to "http://localhost:3000/public/install", waiting until "domcontentloaded"


      21 |
      22 |   test('Install page renders', async ({ page }) => {
    > 23 |     await page.goto('/public/install', { waitUntil: 'domcontentloaded' })
         |                ^
      24 |     await expect(page.locator('body')).toBeVisible()
      25 |   })
      26 |
        at /home/justus/Projects/chronos-frontend/e2e/public-pages.spec.ts:23:16

    attachment #1: screenshot (image/png) ──────────────────────────────────────────────────────────
    ../test-results/public-pages-Public-pages-Install-page-renders-mobile-chrome/test-failed-1.png
    ────────────────────────────────────────────────────────────────────────────────────────────────

    Error Context: ../test-results/public-pages-Public-pages-Install-page-renders-mobile-chrome/error-context.md
]]>
</error>
</testcase>
<testcase name="Public pages › PWA manifest is served with correct content type" classname="public-pages.spec.ts" time="0.626">
<system-out>
<![CDATA[
[[ATTACHMENT|public-pages-Public-pages--e47c3-d-with-correct-content-type-mobile-chrome/error-context.md]]
]]>
</system-out>
<error message="apiRequestContext.get: connect ECONNREFUSED ::1:3000" type="Error">
<![CDATA[  [mobile-chrome] › public-pages.spec.ts:27:3 › Public pages › PWA manifest is served with correct content type 

    Error: apiRequestContext.get: connect ECONNREFUSED ::1:3000
    Call log:
      - → GET http://localhost:3000/manifest.webmanifest
        - user-agent: Mozilla/5.0 (Linux; Android 11; Pixel 5) AppleWebKit/537.36 (KHTML, like Gecko) Chrome/147.0.7727.15 Mobile Safari/537.36
        - accept: */*
        - accept-encoding: gzip,deflate,br

        at apiRequestContext.get: connect ECONNREFUSED ::1:3000
        at /home/justus/Projects/chronos-frontend/e2e/public-pages.spec.ts:28:36

    Error Context: ../test-results/public-pages-Public-pages--e47c3-d-with-correct-content-type-mobile-chrome/error-context.md
]]>
</error>
</testcase>
<testcase name="Public pages › PWA manifest has required fields" classname="public-pages.spec.ts" time="0.626">
<system-out>
<![CDATA[
[[ATTACHMENT|public-pages-Public-pages-PWA-manifest-has-required-fields-mobile-chrome/error-context.md]]
]]>
</system-out>
<error message="apiRequestContext.get: connect ECONNREFUSED ::1:3000" type="Error">
<![CDATA[  [mobile-chrome] › public-pages.spec.ts:33:3 › Public pages › PWA manifest has required fields ────

    Error: apiRequestContext.get: connect ECONNREFUSED ::1:3000
    Call log:
      - → GET http://localhost:3000/manifest.webmanifest
        - user-agent: Mozilla/5.0 (Linux; Android 11; Pixel 5) AppleWebKit/537.36 (KHTML, like Gecko) Chrome/147.0.7727.15 Mobile Safari/537.36
        - accept: */*
        - accept-encoding: gzip,deflate,br

        at apiRequestContext.get: connect ECONNREFUSED ::1:3000
        at /home/justus/Projects/chronos-frontend/e2e/public-pages.spec.ts:34:36

    Error Context: ../test-results/public-pages-Public-pages-PWA-manifest-has-required-fields-mobile-chrome/error-context.md
]]>
</error>
</testcase>
</testsuite>
</testsuites>